<html>
<body>
<pre>
<h1>µVision Build Log</h1>
<h2>Tool Versions:</h2>
IDE-Version: µVision V5.36.0.0
Copyright (C) 2021 ARM Ltd and ARM Germany GmbH. All rights reserved.
License Information: Hasan Al Banna, Abdullah Gul University, LIC=----
 
Tool Versions:
Toolchain:       MDK-Lite  Version: 5.36.0.0
Toolchain Path:  C:\Keil_v5\ARM\ARMCC\Bin
C Compiler:      Armcc.exe V5.06 update 7 (build 960)
Assembler:       Armasm.exe V5.06 update 7 (build 960)
Linker/Locator:  ArmLink.exe V5.06 update 7 (build 960)
Library Manager: ArmAr.exe V5.06 update 7 (build 960)
Hex Converter:   FromElf.exe V5.06 update 7 (build 960)
CPU DLL:         SARMCM3.DLL V5.36.0.0
Dialog DLL:      DARMSTM.DLL V1.68.0.0
Target DLL:      STLink\ST-LINKIII-KEIL_SWO.dll V3.0.9.0
Dialog DLL:      TCM.DLL V1.53.0.0
 
<h2>Project:</h2>
C:\Users\hp15pav\Documents\Semester_6\Embedded Systems\Keil_Projects\operation_polish\microwave_project\MDK-ARM\microwave_project.uvprojx
Project File Date:  05/29/2022

<h2>Output:</h2>
*** Using Compiler 'V5.06 update 7 (build 960)', folder: 'C:\Keil_v5\ARM\ARMCC\Bin'
Rebuild target 'microwave_project'
assembling startup_stm32f103x6.s...
compiling stm32f1xx_hal_gpio_ex.c...
compiling stm32f1xx_it.c...
compiling main.c...
..\MDK-ARM\LCD.h(37): warning:  #1-D: last line of file ends without a newline
  void lcd_line2(void);
../Src/main.c(104): warning:  #223-D: function "sprintf" declared implicitly
  		sprintf(message,"%s","Timer Done");
../Src/main.c(162): warning:  #223-D: function "sprintf" declared implicitly
  	sprintf(message,"%02d",current_number);
../Src/main.c(201): warning:  #767-D: conversion from pointer to smaller integer
  		array = (uint8_t)&temperature;
../Src/main.c(155): warning:  #177-D: variable "num"  was declared but never referenced
  	int num = 0;
../Src/main.c(157): warning:  #550-D: variable "temp_cast"  was set but never used
  	int temp_cast = 0;
../Src/main.c(538): warning:  #223-D: function "sprintf" declared implicitly
  			sprintf(message,"%02d",((current_number - current_time)+1)/2);
../Src/main.c(582): warning:  #223-D: function "sprintf" declared implicitly
  			sprintf(newNumber,"%ld\r\n", y);
../Src/main.c(601): warning:  #223-D: function "sprintf" declared implicitly
  			sprintf(message,"%02d",current_number/2);
../Src/main.c(614): warning:  #223-D: function "sprintf" declared implicitly
  			sprintf(message,"%02d",current_number/2);
../Src/main.c: 10 warnings, 0 errors
compiling LCD.c...
LCD.h(37): warning:  #1-D: last line of file ends without a newline
  void lcd_line2(void);
LCD.c: 1 warning, 0 errors
compiling stm32f1xx_hal_adc_ex.c...
compiling stm32f1xx_hal_msp.c...
compiling stm32f1xx_hal_adc.c...
compiling stm32f1xx_hal_cortex.c...
compiling stm32f1xx_hal_rcc_ex.c...
compiling stm32f1xx_hal_gpio.c...
compiling stm32f1xx_hal.c...
compiling stm32f1xx_hal_dma.c...
compiling stm32f1xx_hal_pwr.c...
compiling stm32f1xx_hal_rcc.c...
compiling stm32f1xx_hal_exti.c...
compiling system_stm32f1xx.c...
compiling stm32f1xx_hal_flash_ex.c...
compiling stm32f1xx_hal_uart.c...
compiling stm32f1xx_hal_flash.c...
compiling stm32f1xx_hal_tim_ex.c...
compiling stm32f1xx_hal_tim.c...
linking...
Program Size: Code=16834 RO-data=310 RW-data=148 ZI-data=1892  
FromELF: creating hex file...
"microwave_project\microwave_project.axf" - 0 Error(s), 11 Warning(s).

<h2>Software Packages used:</h2>

Package Vendor: ARM
                http://www.keil.com/pack/ARM.CMSIS.5.8.0.pack
                ARM.CMSIS.5.8.0
                CMSIS (Common Microcontroller Software Interface Standard)
   * Component: CORE Version: 5.5.0

Package Vendor: Keil
                http://www.keil.com/pack/Keil.STM32F1xx_DFP.2.4.0.pack
                Keil.STM32F1xx_DFP.2.4.0
                STMicroelectronics STM32F1 Series Device Support, Drivers and Examples

<h2>Collection of Component include folders:</h2>
  .\RTE\_microwave_project
  C:\Users\hp15pav\AppData\Local\Arm\Packs\ARM\CMSIS\5.8.0\CMSIS\Core\Include
  C:\Users\hp15pav\AppData\Local\Arm\Packs\Keil\STM32F1xx_DFP\2.4.0\Device\Include

<h2>Collection of Component Files used:</h2>

   * Component: ARM::CMSIS:CORE:5.5.0
      Include file:  CMSIS\Core\Include\tz_context.h
Build Time Elapsed:  00:00:27
</pre>
</body>
</html>
